// Jest Snapshot v1, https://goo.gl/fbAQLP

exports[`UI Update Functions Update transaction list in UI 1`] = `""`;
